---
source: src/tacky/tacky.rs
description: unary operators
expression: tacky
info: unary/not.c
---
int main(void) {
    <t>.0 = ! (int32 0);
    return <t>.0;
}
