---
source: src/codegen/x86_64/asmgen.rs
description: conditional statements
expression: asm_output
info: conditional/if_else.c
---
    .globl _main
_main:
    pushq %rbp
    movq  %rsp, %rbp
    subq $24, %rsp
    movl $10, -8(%rbp)
    cmpl $50, -8(%rbp)
    movl $0, -16(%rbp)
    setg -16(%rbp)
    movl -16(%rbp), %r10d
    movl %r10d, -24(%rbp)
    cmpl $0, -24(%rbp)
    je _L.if_else.1
    movl $20, -8(%rbp)
    jmp _L.if_end.0
_L.if_else.1:
    movl $5, -8(%rbp)
_L.if_end.0:
    movl -8(%rbp), %eax
    movq %rbp, %rsp
    popq %rbp
    ret
