---
source: src/codegen/x86_64/asmgen.rs
description: conditional statements
expression: asm_output
info: conditional/ternary.c
---
    .globl _main
_main:
    pushq %rbp
    movq  %rsp, %rbp
    subq $40, %rsp
    movl $8, -8(%rbp)
    cmpl $10, -8(%rbp)
    movl $0, -16(%rbp)
    setg -16(%rbp)
    movl -16(%rbp), %r10d
    movl %r10d, -24(%rbp)
    cmpl $0, -24(%rbp)
    je _L.cond_else.0
    movl $1, -32(%rbp)
    jmp _L.cond_end.1
_L.cond_else.0:
    movl $0, -32(%rbp)
_L.cond_end.1:
    movl -32(%rbp), %r10d
    movl %r10d, -40(%rbp)
    movl -40(%rbp), %eax
    movq %rbp, %rsp
    popq %rbp
    ret
