---
source: src/parser/parser.rs
description: increment and decrement with correct precedence
expression: actual.unwrap()
info: "-a--"
---
location:
  line: 1
  column: 1
kind:
  unary:
    - negate
    - location:
        line: 1
        column: 2
      kind:
        decrement:
          is_post: true
          e:
            location:
              line: 1
              column: 2
            kind:
              variable: a
