---
source: src/tacky/tacky.rs
description: local variables
expression: tacky
info: localvars/declaration_and_assign.c
---
int main(void) {
    b$1 = (int32 10);
    <t>.0 = b$1 + (int32 2);
    a$0 = <t>.0;
    return a$0;
}
