---
source: src/codegen/x86_64/asmgen.rs
description: "loops: for"
expression: asm_output
info: loops/for_all_empty.c
---
    .globl _main
_main:
    pushq %rbp
    movq  %rsp, %rbp
    subq $48, %rsp
    movl $0, -8(%rbp)
    movl $0, -16(%rbp)
.loop.0.start:
    movl -8(%rbp), %r10d
    movl %r10d, -24(%rbp)
    movl -16(%rbp), %r10d
    addl %r10d, -24(%rbp)
    movl -24(%rbp), %r10d
    movl %r10d, -8(%rbp)
    movl -16(%rbp), %r10d
    movl %r10d, -32(%rbp)
    movl -16(%rbp), %r10d
    movl %r10d, -16(%rbp)
    addl $1, -16(%rbp)
    cmpl $10, -16(%rbp)
    movl $0, -40(%rbp)
    setge -40(%rbp)
    movl -40(%rbp), %r10d
    movl %r10d, -48(%rbp)
    cmpl $0, -48(%rbp)
    je _L.if_end.0
    jmp .loop.0.break
_L.if_end.0:
.loop.0.continue:
    jmp .loop.0.start
.loop.0.break:
    movl -8(%rbp), %eax
    movq %rbp, %rsp
    popq %rbp
    ret
