---
source: src/codegen/x86_64/asmgen.rs
description: "loops: for"
expression: asm_output
info: loops/for_init_decl_shadow.c
---
    .globl _main
_main:
    pushq %rbp
    movq  %rsp, %rbp
    subq $56, %rsp
    movl $0, -8(%rbp)
    movl $10, -16(%rbp)
    movl $0, -24(%rbp)
.loop.0.start:
    cmpl $10, -24(%rbp)
    movl $0, -32(%rbp)
    setl -32(%rbp)
    movl -32(%rbp), %r10d
    movl %r10d, -40(%rbp)
    cmpl $0, -40(%rbp)
    je .loop.0.break
    movl -8(%rbp), %r10d
    movl %r10d, -48(%rbp)
    movl -24(%rbp), %r10d
    addl %r10d, -48(%rbp)
    movl -48(%rbp), %r10d
    movl %r10d, -8(%rbp)
.loop.0.continue:
    movl -24(%rbp), %r10d
    movl %r10d, -56(%rbp)
    movl -24(%rbp), %r10d
    movl %r10d, -24(%rbp)
    addl $1, -24(%rbp)
    jmp .loop.0.start
.loop.0.break:
    movl -8(%rbp), %eax
    movq %rbp, %rsp
    popq %rbp
    ret
