---
source: src/codegen/x86_64/asmgen.rs
description: binary operators
expression: asm_output
info: binary/arithmetic_multiplication.c
---
    .globl _main
_main:
    pushq %rbp
    movq  %rsp, %rbp
    subq $8, %rsp
    movl $2, -8(%rbp)
    movl -8(%rbp), %r11d
    imull $3, %r11d
    movl %r11d, -8(%rbp)
    movl -8(%rbp), %eax
    movq %rbp, %rsp
    popq %rbp
    ret
