---
source: src/tacky/tacky.rs
description: for loop
expression: tacky
info: loops/for_with_continue.c
---
int main(void) {
    i$1 = (int32 0);
    a$2 = (int32 0);
    i$1 = (int32 0);
.loop.0.start:
    <t>.0 = i$1 < (int32 10);
    <t>.1 = <t>.0;
    jump_if_zero (<t>.1) .loop.0.break;
    <t>.2 = i$1 % (int32 2);
    <t>.3 = <t>.2 == (int32 0);
    <t>.4 = <t>.3;
    jump_if_zero (<t>.4) _L.if_end.0;
    jump .loop.0.continue;
_L.if_end.0:
    <t>.5 = a$2 + i$1;
    a$2 = <t>.5;
.loop.0.continue:
    <t>.6 = i$1;
    i$1 = i$1 + (int32 1);
    jump .loop.0.start;
.loop.0.break:
    return a$2;
}
