---
source: src/tacky/tacky.rs
description: binary operators
expression: tacky
info: binary/arithmetic_precedence_override.c
---
int main(void) {
    <t>.0 = (int32 1) + (int32 3);
    <t>.1 = (int32 2) * <t>.0;
    return <t>.1;
}
