---
source: src/parser.rs
description: parsing expression
expression: actual.unwrap()
info: 4+2*3+8
---
location:
  line: 1
  column: 1
kind:
  binary:
    - add
    - location:
        line: 1
        column: 1
      kind:
        binary:
          - add
          - location:
              line: 1
              column: 1
            kind:
              int_constant:
                - "4"
                - decimal
          - location:
              line: 1
              column: 3
            kind:
              binary:
                - multiply
                - location:
                    line: 1
                    column: 3
                  kind:
                    int_constant:
                      - "2"
                      - decimal
                - location:
                    line: 1
                    column: 5
                  kind:
                    int_constant:
                      - "3"
                      - decimal
    - location:
        line: 1
        column: 7
      kind:
        int_constant:
          - "8"
          - decimal
