---
source: src/parser.rs
description: parsing expression
expression: actual.unwrap()
info: 10 % 2 % 3
---
location:
  line: 1
  column: 1
kind:
  binary:
    - modulo
    - location:
        line: 1
        column: 1
      kind:
        binary:
          - modulo
          - location:
              line: 1
              column: 1
            kind:
              int_constant:
                - "10"
                - decimal
          - location:
              line: 1
              column: 6
            kind:
              int_constant:
                - "2"
                - decimal
    - location:
        line: 1
        column: 10
      kind:
        int_constant:
          - "3"
          - decimal
